Performing C++ SOURCE FILE Test DUNE_HAVE_CXX_UNEVALUATED_CONTEXT_LAMBDA failed with the following output:
Change Dir: '/home/n71743ev/DUMUX/dumux/Mixing-in-UHS/build-cmake/CMakeFiles/CMakeTmp'

Run Build Command(s): /usr/bin/cmake -E env VERBOSE=1 /usr/bin/gmake -f Makefile cmTC_ff93a/fast
/usr/bin/gmake  -f CMakeFiles/cmTC_ff93a.dir/build.make CMakeFiles/cmTC_ff93a.dir/build
gmake[1]: Entering directory '/home/n71743ev/DUMUX/dumux/Mixing-in-UHS/build-cmake/CMakeFiles/CMakeTmp'
Building CXX object CMakeFiles/cmTC_ff93a.dir/src_DUNE_HAVE_CXX_UNEVALUATED_CONTEXT_LAMBDA.cxx.o
/usr/bin/c++   -std=gnu++17 -fPIE -o CMakeFiles/cmTC_ff93a.dir/src_DUNE_HAVE_CXX_UNEVALUATED_CONTEXT_LAMBDA.cxx.o -c /home/n71743ev/DUMUX/dumux/Mixing-in-UHS/build-cmake/CMakeFiles/CMakeTmp/src_DUNE_HAVE_CXX_UNEVALUATED_CONTEXT_LAMBDA.cxx
/home/n71743ev/DUMUX/dumux/Mixing-in-UHS/build-cmake/CMakeFiles/CMakeTmp/src_DUNE_HAVE_CXX_UNEVALUATED_CONTEXT_LAMBDA.cxx:1:20: error: lambda-expression in unevaluated context only available with ‘-std=c++20’ or ‘-std=gnu++20’
    1 | using F = decltype([](){}); int main() {return 0;}
      |                    ^
gmake[1]: *** [CMakeFiles/cmTC_ff93a.dir/build.make:78: CMakeFiles/cmTC_ff93a.dir/src_DUNE_HAVE_CXX_UNEVALUATED_CONTEXT_LAMBDA.cxx.o] Error 1
gmake[1]: Leaving directory '/home/n71743ev/DUMUX/dumux/Mixing-in-UHS/build-cmake/CMakeFiles/CMakeTmp'
gmake: *** [Makefile:127: cmTC_ff93a/fast] Error 2


Source file was:
using F = decltype([](){}); int main() {return 0;}
Performing C++ SOURCE FILE Test DUNE_HAVE_CXX_STD_IDENTITY failed with the following output:
Change Dir: '/home/n71743ev/DUMUX/dumux/Mixing-in-UHS/build-cmake/CMakeFiles/CMakeTmp'

Run Build Command(s): /usr/bin/cmake -E env VERBOSE=1 /usr/bin/gmake -f Makefile cmTC_698ae/fast
/usr/bin/gmake  -f CMakeFiles/cmTC_698ae.dir/build.make CMakeFiles/cmTC_698ae.dir/build
gmake[1]: Entering directory '/home/n71743ev/DUMUX/dumux/Mixing-in-UHS/build-cmake/CMakeFiles/CMakeTmp'
Building CXX object CMakeFiles/cmTC_698ae.dir/src_DUNE_HAVE_CXX_STD_IDENTITY.cxx.o
/usr/bin/c++   -std=gnu++17 -fPIE -o CMakeFiles/cmTC_698ae.dir/src_DUNE_HAVE_CXX_STD_IDENTITY.cxx.o -c /home/n71743ev/DUMUX/dumux/Mixing-in-UHS/build-cmake/CMakeFiles/CMakeTmp/src_DUNE_HAVE_CXX_STD_IDENTITY.cxx
/home/n71743ev/DUMUX/dumux/Mixing-in-UHS/build-cmake/CMakeFiles/CMakeTmp/src_DUNE_HAVE_CXX_STD_IDENTITY.cxx: In function ‘int main()’:
/home/n71743ev/DUMUX/dumux/Mixing-in-UHS/build-cmake/CMakeFiles/CMakeTmp/src_DUNE_HAVE_CXX_STD_IDENTITY.cxx:3:21: error: ‘identity’ is not a member of ‘std’
    3 |   int main() { std::identity{}; }
      |                     ^~~~~~~~
gmake[1]: *** [CMakeFiles/cmTC_698ae.dir/build.make:78: CMakeFiles/cmTC_698ae.dir/src_DUNE_HAVE_CXX_STD_IDENTITY.cxx.o] Error 1
gmake[1]: Leaving directory '/home/n71743ev/DUMUX/dumux/Mixing-in-UHS/build-cmake/CMakeFiles/CMakeTmp'
gmake: *** [Makefile:127: cmTC_698ae/fast] Error 2


Source file was:

  #include <functional>
  int main() { std::identity{}; }

Determining location of SuperLU failed:
Include directory: SUPERLU_INCLUDE_DIR-NOTFOUND
Library directory: SUPERLU_LIBRARY-NOTFOUND
Determining location of ARPACK failed:
Libraries to link against: 

Determining location of ARPACK++ failed:
Include directory: 
Libraries to link against: 

Performing C++ SOURCE FILE Test DUNE_HAVE_CXX_UNEVALUATED_CONTEXT_LAMBDA failed with the following output:
Change Dir: '/home/n71743ev/DUMUX/dumux/Mixing-in-UHS/build-cmake/CMakeFiles/CMakeTmp'

Run Build Command(s): /usr/bin/cmake -E env VERBOSE=1 /usr/bin/gmake -f Makefile cmTC_f9a20/fast
/usr/bin/gmake  -f CMakeFiles/cmTC_f9a20.dir/build.make CMakeFiles/cmTC_f9a20.dir/build
gmake[1]: Entering directory '/home/n71743ev/DUMUX/dumux/Mixing-in-UHS/build-cmake/CMakeFiles/CMakeTmp'
Building CXX object CMakeFiles/cmTC_f9a20.dir/src_DUNE_HAVE_CXX_UNEVALUATED_CONTEXT_LAMBDA.cxx.o
/usr/bin/c++   -std=gnu++17 -fPIE -o CMakeFiles/cmTC_f9a20.dir/src_DUNE_HAVE_CXX_UNEVALUATED_CONTEXT_LAMBDA.cxx.o -c /home/n71743ev/DUMUX/dumux/Mixing-in-UHS/build-cmake/CMakeFiles/CMakeTmp/src_DUNE_HAVE_CXX_UNEVALUATED_CONTEXT_LAMBDA.cxx
/home/n71743ev/DUMUX/dumux/Mixing-in-UHS/build-cmake/CMakeFiles/CMakeTmp/src_DUNE_HAVE_CXX_UNEVALUATED_CONTEXT_LAMBDA.cxx:1:20: error: lambda-expression in unevaluated context only available with ‘-std=c++20’ or ‘-std=gnu++20’
    1 | using F = decltype([](){}); int main() {return 0;}
      |                    ^
gmake[1]: *** [CMakeFiles/cmTC_f9a20.dir/build.make:78: CMakeFiles/cmTC_f9a20.dir/src_DUNE_HAVE_CXX_UNEVALUATED_CONTEXT_LAMBDA.cxx.o] Error 1
gmake[1]: Leaving directory '/home/n71743ev/DUMUX/dumux/Mixing-in-UHS/build-cmake/CMakeFiles/CMakeTmp'
gmake: *** [Makefile:127: cmTC_f9a20/fast] Error 2


Source file was:
using F = decltype([](){}); int main() {return 0;}
Performing C++ SOURCE FILE Test DUNE_HAVE_CXX_STD_IDENTITY failed with the following output:
Change Dir: '/home/n71743ev/DUMUX/dumux/Mixing-in-UHS/build-cmake/CMakeFiles/CMakeTmp'

Run Build Command(s): /usr/bin/cmake -E env VERBOSE=1 /usr/bin/gmake -f Makefile cmTC_ca42f/fast
/usr/bin/gmake  -f CMakeFiles/cmTC_ca42f.dir/build.make CMakeFiles/cmTC_ca42f.dir/build
gmake[1]: Entering directory '/home/n71743ev/DUMUX/dumux/Mixing-in-UHS/build-cmake/CMakeFiles/CMakeTmp'
Building CXX object CMakeFiles/cmTC_ca42f.dir/src_DUNE_HAVE_CXX_STD_IDENTITY.cxx.o
/usr/bin/c++   -std=gnu++17 -fPIE -o CMakeFiles/cmTC_ca42f.dir/src_DUNE_HAVE_CXX_STD_IDENTITY.cxx.o -c /home/n71743ev/DUMUX/dumux/Mixing-in-UHS/build-cmake/CMakeFiles/CMakeTmp/src_DUNE_HAVE_CXX_STD_IDENTITY.cxx
/home/n71743ev/DUMUX/dumux/Mixing-in-UHS/build-cmake/CMakeFiles/CMakeTmp/src_DUNE_HAVE_CXX_STD_IDENTITY.cxx: In function ‘int main()’:
/home/n71743ev/DUMUX/dumux/Mixing-in-UHS/build-cmake/CMakeFiles/CMakeTmp/src_DUNE_HAVE_CXX_STD_IDENTITY.cxx:3:21: error: ‘identity’ is not a member of ‘std’
    3 |   int main() { std::identity{}; }
      |                     ^~~~~~~~
gmake[1]: *** [CMakeFiles/cmTC_ca42f.dir/build.make:78: CMakeFiles/cmTC_ca42f.dir/src_DUNE_HAVE_CXX_STD_IDENTITY.cxx.o] Error 1
gmake[1]: Leaving directory '/home/n71743ev/DUMUX/dumux/Mixing-in-UHS/build-cmake/CMakeFiles/CMakeTmp'
gmake: *** [Makefile:127: cmTC_ca42f/fast] Error 2


Source file was:

  #include <functional>
  int main() { std::identity{}; }

Determining location of SuperLU failed:
Include directory: SUPERLU_INCLUDE_DIR-NOTFOUND
Library directory: SUPERLU_LIBRARY-NOTFOUND
Determining location of ARPACK failed:
Libraries to link against: 

Determining location of ARPACK++ failed:
Include directory: 
Libraries to link against: 

